// Jest Snapshot v1, https://goo.gl/fbAQLP

exports[`Pruebas en AddCategory Debe mostrarse corectamente 1`] = `
<form
  onSubmit={[Function]}
>
  <input
    onChange={[Function]}
    placeholder="Busca un gif y pulsta intro..."
    type="text"
    value=""
  />
</form>
`;
